src/App.tsx(2,10): error TS2614: Module '"./pages/TrainerPage"' has no exported member 'TrainerPage'. Did you mean to use 'import TrainerPage from "./pages/TrainerPage"' instead?
src/components/AspectControls.tsx(3,1): error TS6133: 'Button' is declared but its value is never read.
src/components/LessonCard.tsx(2,22): error TS6133: 'Token' is declared but its value is never read.
src/components/LessonCard.tsx(3,56): error TS6133: 'SheetDescription' is declared but its value is never read.
src/components/LessonCard.tsx(28,22): error TS2322: Type '"secondary"' is not assignable to type '"default" | "outline" | "muted" | undefined'.
src/components/ResultBar.tsx(12,3): error TS6133: 'hasWarning' is declared but its value is never read.
src/components/SentencePicker.tsx(4,37): error TS6133: 'List' is declared but its value is never read.
src/data/politePastPhrases.ts(1,23): error TS2307: Cannot find module './lib/types' or its corresponding type declarations.
src/data/verbs.ts(1,27): error TS2307: Cannot find module './lib/types' or its corresponding type declarations.
